
> test@0.0.0 build
> tsc -b && vite build

src/components/FloatingBalloons.tsx(12,15): error TS6133: 'speed' is declared but its value is never read.
